{
  "devicesAndConfigurations" : [
    {
      "device" : {
        "architecture" : "arm64",
        "deviceId" : "0B0643EE-E2F2-48BD-A1CB-CF766A320E2A",
        "deviceName" : "iPhone 18 Pro (iOS 27)",
        "modelName" : "iPhone 18 Pro",
        "osBuildNumber" : "24A434",
        "osVersion" : "27.0",
        "platform" : "iOS Simulator"
      },
      "expectedFailures" : 0,
      "failedTests" : 0,
      "passedTests" : 33,
      "skippedTests" : 0,
      "testPlanConfiguration" : {
        "configurationId" : "1",
        "configurationName" : "Test Scheme Action"
      }
    }
  ],
  "environmentDescription" : "SwiftJXL-Package · Built with macOS 27.0",
  "expectedFailures" : 0,
  "failedTests" : 0,
  "finishTime" : 1789817263.366,
  "passedTests" : 32,
  "result" : "Passed",
  "runtimeWarnings" : [

  ],
  "skippedTests" : 0,
  "startTime" : 1789817253.622,
  "statistics" : [
    {
      "subtitle" : "2 test runs",
      "title" : "1 test ran with dynamic parameters"
    }
  ],
  "testFailures" : [

  ],
  "title" : "Test - SwiftJXL-Package",
  "topInsights" : [

  ],
  "totalTestCount" : 32
}
