{
  "devicesAndConfigurations" : [
    {
      "device" : {
        "architecture" : "arm64",
        "deviceId" : "CB5577FD-8D90-41E5-97CB-EA8D595AA0D2",
        "deviceName" : "Apple Watch Series 12 (42mm)",
        "modelName" : "Apple Watch Series 12",
        "osBuildNumber" : "24R362",
        "osVersion" : "27.0",
        "platform" : "watchOS Simulator"
      },
      "expectedFailures" : 0,
      "failedTests" : 0,
      "passedTests" : 33,
      "skippedTests" : 0,
      "testPlanConfiguration" : {
        "configurationId" : "1",
        "configurationName" : "Test Scheme Action"
      }
    }
  ],
  "environmentDescription" : "SwiftJXL-Package · Built with macOS 27.0",
  "expectedFailures" : 0,
  "failedTests" : 0,
  "finishTime" : 1789817422.391,
  "passedTests" : 32,
  "result" : "Passed",
  "runtimeWarnings" : [

  ],
  "skippedTests" : 0,
  "startTime" : 1789817413.84,
  "statistics" : [
    {
      "subtitle" : "2 test runs",
      "title" : "1 test ran with dynamic parameters"
    }
  ],
  "testFailures" : [

  ],
  "title" : "Test - SwiftJXL-Package",
  "topInsights" : [

  ],
  "totalTestCount" : 32
}
