{
  "runtimes" : [
    {
      "isAvailable" : true,
      "version" : "17.4",
      "isInternal" : false,
      "buildversion" : "21E213",
      "supportedArchitectures" : [
        "x86_64",
        "arm64"
      ],
      "supportedDeviceTypes" : [
        {
          "bundlePath" : "\/Library\/Developer\/CoreSimulator\/Profiles\/DeviceTypes\/iPhone 15 Pro.simdevicetype",
          "name" : "iPhone 15 Pro",
          "productFamily" : "iPhone",
          "identifier" : "com.apple.CoreSimulator.SimDeviceType.iPhone-15-Pro"
        },
        {
          "bundlePath" : "\/Library\/Developer\/CoreSimulator\/Profiles\/DeviceTypes\/iPhone 15 Pro Max.simdevicetype",
          "name" : "iPhone 15 Pro Max",
          "productFamily" : "iPhone",
          "identifier" : "com.apple.CoreSimulator.SimDeviceType.iPhone-15-Pro-Max"
        },
        {
          "bundlePath" : "\/Library\/Developer\/CoreSimulator\/Profiles\/DeviceTypes\/iPhone 15.simdevicetype",
          "name" : "iPhone 15",
          "productFamily" : "iPhone",
          "identifier" : "com.apple.CoreSimulator.SimDeviceType.iPhone-15"
        },
        {
          "bundlePath" : "\/Library\/Developer\/CoreSimulator\/Profiles\/DeviceTypes\/iPhone 15 Plus.simdevicetype",
          "name" : "iPhone 15 Plus",
          "productFamily" : "iPhone",
          "identifier" : "com.apple.CoreSimulator.SimDeviceType.iPhone-15-Plus"
        },
        {
          "bundlePath" : "\/Library\/Developer\/CoreSimulator\/Profiles\/DeviceTypes\/iPhone 14 Pro.simdevicetype",
          "name" : "iPhone 14 Pro",
          "productFamily" : "iPhone",
          "identifier" : "com.apple.CoreSimulator.SimDeviceType.iPhone-14-Pro"
        },
        {
          "bundlePath" : "\/Library\/Developer\/CoreSimulator\/Profiles\/DeviceTypes\/iPhone 14 Pro Max.simdevicetype",
          "name" : "iPhone 14 Pro Max",
          "productFamily" : "iPhone",
          "identifier" : "com.apple.CoreSimulator.SimDeviceType.iPhone-14-Pro-Max"
        },
        {
          "bundlePath" : "\/Library\/Developer\/CoreSimulator\/Profiles\/DeviceTypes\/iPhone 14.simdevicetype",
          "name" : "iPhone 14",
          "productFamily" : "iPhone",
          "identifier" : "com.apple.CoreSimulator.SimDeviceType.iPhone-14"
        },
        {
          "bundlePath" : "\/Library\/Developer\/CoreSimulator\/Profiles\/DeviceTypes\/iPhone 14 Plus.simdevicetype",
          "name" : "iPhone 14 Plus",
          "productFamily" : "iPhone",
          "identifier" : "com.apple.CoreSimulator.SimDeviceType.iPhone-14-Plus"
        },
        {
          "bundlePath" : "\/Library\/Developer\/CoreSimulator\/Profiles\/DeviceTypes\/iPhone SE (3rd generation).simdevicetype",
          "name" : "iPhone SE (3rd generation)",
          "productFamily" : "iPhone",
          "identifier" : "com.apple.CoreSimulator.SimDeviceType.iPhone-SE-3rd-generation"
        },
        {
          "bundlePath" : "\/Library\/Developer\/CoreSimulator\/Profiles\/DeviceTypes\/iPhone 13 Pro.simdevicetype",
          "name" : "iPhone 13 Pro",
          "productFamily" : "iPhone",
          "identifier" : "com.apple.CoreSimulator.SimDeviceType.iPhone-13-Pro"
        },
        {
          "bundlePath" : "\/Library\/Developer\/CoreSimulator\/Profiles\/DeviceTypes\/iPhone 13 Pro Max.simdevicetype",
          "name" : "iPhone 13 Pro Max",
          "productFamily" : "iPhone",
          "identifier" : "com.apple.CoreSimulator.SimDeviceType.iPhone-13-Pro-Max"
        },
        {
          "bundlePath" : "\/Library\/Developer\/CoreSimulator\/Profiles\/DeviceTypes\/iPhone 13.simdevicetype",
          "name" : "iPhone 13",
          "productFamily" : "iPhone",
          "identifier" : "com.apple.CoreSimulator.SimDeviceType.iPhone-13"
        },
        {
          "bundlePath" : "\/Library\/Developer\/CoreSimulator\/Profiles\/DeviceTypes\/iPhone 13 mini.simdevicetype",
          "name" : "iPhone 13 mini",
          "productFamily" : "iPhone",
          "identifier" : "com.apple.CoreSimulator.SimDeviceType.iPhone-13-mini"
        },
        {
          "bundlePath" : "\/Library\/Developer\/CoreSimulator\/Profiles\/DeviceTypes\/iPhone 12 Pro.simdevicetype",
          "name" : "iPhone 12 Pro",
          "productFamily" : "iPhone",
          "identifier" : "com.apple.CoreSimulator.SimDeviceType.iPhone-12-Pro"
        },
        {
          "bundlePath" : "\/Library\/Developer\/CoreSimulator\/Profiles\/DeviceTypes\/iPhone 12 Pro Max.simdevicetype",
          "name" : "iPhone 12 Pro Max",
          "productFamily" : "iPhone",
          "identifier" : "com.apple.CoreSimulator.SimDeviceType.iPhone-12-Pro-Max"
        },
        {
          "bundlePath" : "\/Library\/Developer\/CoreSimulator\/Profiles\/DeviceTypes\/iPhone 12.simdevicetype",
          "name" : "iPhone 12",
          "productFamily" : "iPhone",
          "identifier" : "com.apple.CoreSimulator.SimDeviceType.iPhone-12"
        },
        {
          "bundlePath" : "\/Library\/Developer\/CoreSimulator\/Profiles\/DeviceTypes\/iPhone 12 mini.simdevicetype",
          "name" : "iPhone 12 mini",
          "productFamily" : "iPhone",
          "identifier" : "com.apple.CoreSimulator.SimDeviceType.iPhone-12-mini"
        },
        {
          "bundlePath" : "\/Library\/Developer\/CoreSimulator\/Profiles\/DeviceTypes\/iPhone SE (2nd generation).simdevicetype",
          "name" : "iPhone SE (2nd generation)",
          "productFamily" : "iPhone",
          "identifier" : "com.apple.CoreSimulator.SimDeviceType.iPhone-SE--2nd-generation-"
        },
        {
          "bundlePath" : "\/Library\/Developer\/CoreSimulator\/Profiles\/DeviceTypes\/iPhone 11 Pro.simdevicetype",
          "name" : "iPhone 11 Pro",
          "productFamily" : "iPhone",
          "identifier" : "com.apple.CoreSimulator.SimDeviceType.iPhone-11-Pro"
        },
        {
          "bundlePath" : "\/Library\/Developer\/CoreSimulator\/Profiles\/DeviceTypes\/iPhone 11 Pro Max.simdevicetype",
          "name" : "iPhone 11 Pro Max",
          "productFamily" : "iPhone",
          "identifier" : "com.apple.CoreSimulator.SimDeviceType.iPhone-11-Pro-Max"
        },
        {
          "bundlePath" : "\/Library\/Developer\/CoreSimulator\/Profiles\/DeviceTypes\/iPhone 11.simdevicetype",
          "name" : "iPhone 11",
          "productFamily" : "iPhone",
          "identifier" : "com.apple.CoreSimulator.SimDeviceType.iPhone-11"
        },
        {
          "bundlePath" : "\/Library\/Developer\/CoreSimulator\/Profiles\/DeviceTypes\/iPhone Xʀ.simdevicetype",
          "name" : "iPhone Xʀ",
          "productFamily" : "iPhone",
          "identifier" : "com.apple.CoreSimulator.SimDeviceType.iPhone-XR"
        },
        {
          "bundlePath" : "\/Library\/Developer\/CoreSimulator\/Profiles\/DeviceTypes\/iPhone Xs.simdevicetype",
          "name" : "iPhone Xs",
          "productFamily" : "iPhone",
          "identifier" : "com.apple.CoreSimulator.SimDeviceType.iPhone-XS"
        },
        {
          "bundlePath" : "\/Library\/Developer\/CoreSimulator\/Profiles\/DeviceTypes\/iPhone Xs Max.simdevicetype",
          "name" : "iPhone Xs Max",
          "productFamily" : "iPhone",
          "identifier" : "com.apple.CoreSimulator.SimDeviceType.iPhone-XS-Max"
        },
        {
          "bundlePath" : "\/Library\/Developer\/CoreSimulator\/Profiles\/DeviceTypes\/iPad Pro 11-inch (M4) (16GB).simdevicetype",
          "name" : "iPad Pro 11-inch (M4) (16GB)",
          "productFamily" : "iPad",
          "identifier" : "com.apple.CoreSimulator.SimDeviceType.iPad-Pro-11-inch-M4-16GB"
        },
        {
          "bundlePath" : "\/Library\/Developer\/CoreSimulator\/Profiles\/DeviceTypes\/iPad Pro 11-inch (M4).simdevicetype",
          "name" : "iPad Pro 11-inch (M4)",
          "productFamily" : "iPad",
          "identifier" : "com.apple.CoreSimulator.SimDeviceType.iPad-Pro-11-inch-M4-8GB"
        },
        {
          "bundlePath" : "\/Library\/Developer\/CoreSimulator\/Profiles\/DeviceTypes\/iPad Pro 13-inch (M4) (16GB).simdevicetype",
          "name" : "iPad Pro 13-inch (M4) (16GB)",
          "productFamily" : "iPad",
          "identifier" : "com.apple.CoreSimulator.SimDeviceType.iPad-Pro-13-inch-M4-16GB"
        },
        {
          "bundlePath" : "\/Library\/Developer\/CoreSimulator\/Profiles\/DeviceTypes\/iPad Pro 13-inch (M4).simdevicetype",
          "name" : "iPad Pro 13-inch (M4)",
          "productFamily" : "iPad",
          "identifier" : "com.apple.CoreSimulator.SimDeviceType.iPad-Pro-13-inch-M4-8GB"
        },
        {
          "bundlePath" : "\/Library\/Developer\/CoreSimulator\/Profiles\/DeviceTypes\/iPad Air 11-inch (M2).simdevicetype",
          "name" : "iPad Air 11-inch (M2)",
          "productFamily" : "iPad",
          "identifier" : "com.apple.CoreSimulator.SimDeviceType.iPad-Air-11-inch-M2"
        },
        {
          "bundlePath" : "\/Library\/Developer\/CoreSimulator\/Profiles\/DeviceTypes\/iPad Air 13-inch (M2).simdevicetype",
          "name" : "iPad Air 13-inch (M2)",
          "productFamily" : "iPad",
          "identifier" : "com.apple.CoreSimulator.SimDeviceType.iPad-Air-13-inch-M2"
        },
        {
          "bundlePath" : "\/Library\/Developer\/CoreSimulator\/Profiles\/DeviceTypes\/iPad Pro (11-inch) (4th generation) (16GB).simdevicetype",
          "name" : "iPad Pro (11-inch) (4th generation) (16GB)",
          "productFamily" : "iPad",
          "identifier" : "com.apple.CoreSimulator.SimDeviceType.iPad-Pro-11-inch-4th-generation-16GB"
        },
        {
          "bundlePath" : "\/Library\/Developer\/CoreSimulator\/Profiles\/DeviceTypes\/iPad Pro (11-inch) (4th generation).simdevicetype",
          "name" : "iPad Pro (11-inch) (4th generation)",
          "productFamily" : "iPad",
          "identifier" : "com.apple.CoreSimulator.SimDeviceType.iPad-Pro-11-inch-4th-generation-8GB"
        },
        {
          "bundlePath" : "\/Library\/Developer\/CoreSimulator\/Profiles\/DeviceTypes\/iPad Pro (12.9-inch) (6th generation) (16GB).simdevicetype",
          "name" : "iPad Pro (12.9-inch) (6th generation) (16GB)",
          "productFamily" : "iPad",
          "identifier" : "com.apple.CoreSimulator.SimDeviceType.iPad-Pro-12-9-inch-6th-generation-16GB"
        },
        {
          "bundlePath" : "\/Library\/Developer\/CoreSimulator\/Profiles\/DeviceTypes\/iPad Pro (12.9-inch) (6th generation).simdevicetype",
          "name" : "iPad Pro (12.9-inch) (6th generation)",
          "productFamily" : "iPad",
          "identifier" : "com.apple.CoreSimulator.SimDeviceType.iPad-Pro-12-9-inch-6th-generation-8GB"
        },
        {
          "bundlePath" : "\/Library\/Developer\/CoreSimulator\/Profiles\/DeviceTypes\/iPad (10th generation).simdevicetype",
          "name" : "iPad (10th generation)",
          "productFamily" : "iPad",
          "identifier" : "com.apple.CoreSimulator.SimDeviceType.iPad-10th-generation"
        },
        {
          "bundlePath" : "\/Library\/Developer\/CoreSimulator\/Profiles\/DeviceTypes\/iPad Air (5th generation).simdevicetype",
          "name" : "iPad Air (5th generation)",
          "productFamily" : "iPad",
          "identifier" : "com.apple.CoreSimulator.SimDeviceType.iPad-Air-5th-generation"
        },
        {
          "bundlePath" : "\/Library\/Developer\/CoreSimulator\/Profiles\/DeviceTypes\/iPad mini (6th generation).simdevicetype",
          "name" : "iPad mini (6th generation)",
          "productFamily" : "iPad",
          "identifier" : "com.apple.CoreSimulator.SimDeviceType.iPad-mini-6th-generation"
        },
        {
          "bundlePath" : "\/Library\/Developer\/CoreSimulator\/Profiles\/DeviceTypes\/iPad Pro (11-inch) (3rd generation).simdevicetype",
          "name" : "iPad Pro (11-inch) (3rd generation)",
          "productFamily" : "iPad",
          "identifier" : "com.apple.CoreSimulator.SimDeviceType.iPad-Pro-11-inch-3rd-generation"
        },
        {
          "bundlePath" : "\/Library\/Developer\/CoreSimulator\/Profiles\/DeviceTypes\/iPad Pro (12.9-inch) (5th generation).simdevicetype",
          "name" : "iPad Pro (12.9-inch) (5th generation)",
          "productFamily" : "iPad",
          "identifier" : "com.apple.CoreSimulator.SimDeviceType.iPad-Pro-12-9-inch-5th-generation"
        },
        {
          "bundlePath" : "\/Library\/Developer\/CoreSimulator\/Profiles\/DeviceTypes\/iPad (9th generation).simdevicetype",
          "name" : "iPad (9th generation)",
          "productFamily" : "iPad",
          "identifier" : "com.apple.CoreSimulator.SimDeviceType.iPad-9th-generation"
        },
        {
          "bundlePath" : "\/Library\/Developer\/CoreSimulator\/Profiles\/DeviceTypes\/iPad Air (4th generation).simdevicetype",
          "name" : "iPad Air (4th generation)",
          "productFamily" : "iPad",
          "identifier" : "com.apple.CoreSimulator.SimDeviceType.iPad-Air--4th-generation-"
        },
        {
          "bundlePath" : "\/Library\/Developer\/CoreSimulator\/Profiles\/DeviceTypes\/iPad (8th generation).simdevicetype",
          "name" : "iPad (8th generation)",
          "productFamily" : "iPad",
          "identifier" : "com.apple.CoreSimulator.SimDeviceType.iPad--8th-generation-"
        },
        {
          "bundlePath" : "\/Library\/Developer\/CoreSimulator\/Profiles\/DeviceTypes\/iPad Air (3rd generation).simdevicetype",
          "name" : "iPad Air (3rd generation)",
          "productFamily" : "iPad",
          "identifier" : "com.apple.CoreSimulator.SimDeviceType.iPad-Air--3rd-generation-"
        },
        {
          "bundlePath" : "\/Library\/Developer\/CoreSimulator\/Profiles\/DeviceTypes\/iPad mini (5th generation).simdevicetype",
          "name" : "iPad mini (5th generation)",
          "productFamily" : "iPad",
          "identifier" : "com.apple.CoreSimulator.SimDeviceType.iPad-mini--5th-generation-"
        },
        {
          "bundlePath" : "\/Library\/Developer\/CoreSimulator\/Profiles\/DeviceTypes\/iPad Pro (11-inch) (2nd generation).simdevicetype",
          "name" : "iPad Pro (11-inch) (2nd generation)",
          "productFamily" : "iPad",
          "identifier" : "com.apple.CoreSimulator.SimDeviceType.iPad-Pro--11-inch---2nd-generation-"
        },
        {
          "bundlePath" : "\/Library\/Developer\/CoreSimulator\/Profiles\/DeviceTypes\/iPad Pro (12.9-inch) (4th generation).simdevicetype",
          "name" : "iPad Pro (12.9-inch) (4th generation)",
          "productFamily" : "iPad",
          "identifier" : "com.apple.CoreSimulator.SimDeviceType.iPad-Pro--12-9-inch---4th-generation-"
        },
        {
          "bundlePath" : "\/Library\/Developer\/CoreSimulator\/Profiles\/DeviceTypes\/iPad Pro (11-inch) (1st generation).simdevicetype",
          "name" : "iPad Pro (11-inch) (1st generation)",
          "productFamily" : "iPad",
          "identifier" : "com.apple.CoreSimulator.SimDeviceType.iPad-Pro--11-inch-"
        },
        {
          "bundlePath" : "\/Library\/Developer\/CoreSimulator\/Profiles\/DeviceTypes\/iPad Pro (12.9-inch) (3rd generation).simdevicetype",
          "name" : "iPad Pro (12.9-inch) (3rd generation)",
          "productFamily" : "iPad",
          "identifier" : "com.apple.CoreSimulator.SimDeviceType.iPad-Pro--12-9-inch---3rd-generation-"
        },
        {
          "bundlePath" : "\/Library\/Developer\/CoreSimulator\/Profiles\/DeviceTypes\/iPad (7th generation).simdevicetype",
          "name" : "iPad (7th generation)",
          "productFamily" : "iPad",
          "identifier" : "com.apple.CoreSimulator.SimDeviceType.iPad--7th-generation-"
        },
        {
          "bundlePath" : "\/Library\/Developer\/CoreSimulator\/Profiles\/DeviceTypes\/iPad Pro (10.5-inch).simdevicetype",
          "name" : "iPad Pro (10.5-inch)",
          "productFamily" : "iPad",
          "identifier" : "com.apple.CoreSimulator.SimDeviceType.iPad-Pro--10-5-inch-"
        },
        {
          "bundlePath" : "\/Library\/Developer\/CoreSimulator\/Profiles\/DeviceTypes\/iPad Pro (12.9-inch) (2nd generation).simdevicetype",
          "name" : "iPad Pro (12.9-inch) (2nd generation)",
          "productFamily" : "iPad",
          "identifier" : "com.apple.CoreSimulator.SimDeviceType.iPad-Pro--12-9-inch---2nd-generation-"
        },
        {
          "bundlePath" : "\/Library\/Developer\/CoreSimulator\/Profiles\/DeviceTypes\/iPad (6th generation).simdevicetype",
          "name" : "iPad (6th generation)",
          "productFamily" : "iPad",
          "identifier" : "com.apple.CoreSimulator.SimDeviceType.iPad--6th-generation-"
        }
      ],
      "identifier" : "com.apple.CoreSimulator.SimRuntime.iOS-17-4",
      "platform" : "iOS",
      "bundlePath" : "\/Library\/Developer\/CoreSimulator\/Volumes\/iOS_21E213\/Library\/Developer\/CoreSimulator\/Profiles\/Runtimes\/iOS 17.4.simruntime",
      "runtimeRoot" : "\/Library\/Developer\/CoreSimulator\/Volumes\/iOS_21E213\/Library\/Developer\/CoreSimulator\/Profiles\/Runtimes\/iOS 17.4.simruntime\/Contents\/Resources\/RuntimeRoot",
      "lastUsage" : {
        "arm64" : "0001-01-01T00:00:00Z",
        "x86_64" : "0001-01-01T00:00:00Z"
      },
      "name" : "iOS 17.4"
    }
  ]
}
