Fetching https://github.com/Raster-Lab/SwiftJXL.git
[1/563] Fetching swiftjxl
Fetched https://github.com/Raster-Lab/SwiftJXL.git (1.58s)
Creating working copy for https://github.com/Raster-Lab/SwiftJXL.git
Working copy of https://github.com/Raster-Lab/SwiftJXL.git resolved at 00cac8f4e8b1aa6864c38a9ed6b8f79c20fe6366
Building for debugging...
[Planning deferred tasks]
[23 / 38]
[24 / 39] SwiftJXL
[29 / 81]
[34 / 81]
[38 / 81]
[42 / 81]
[43 / 81]
[47 / 81]
[50 / 81]
[55 / 81]
[57 / 81]
[58 / 81]
[61 / 81] SwiftJXL
[69 / 81] SwiftJXL
[71 / 81] SwiftJXL-product
[72 / 81] SwiftJXL-product
[77 / 82] SwiftJXL
[77 / 82] MigrationExample-product
[80 / 84] MigrationExample-product
[82 / 84] MigrationExample-product
Build complete! (6.67 secs)
Migration preparation passed; codec operations remain unavailable.
