Fetching https://github.com/Raster-Lab/SwiftJXL.git
[1/779] Fetching swiftjxl
Fetched https://github.com/Raster-Lab/SwiftJXL.git (1.53s)
Creating working copy for https://github.com/Raster-Lab/SwiftJXL.git
Working copy of https://github.com/Raster-Lab/SwiftJXL.git resolved at 6ff68a6ee4c9051f19f405ced7a683eb228deff1
Building for debugging...
[Planning deferred tasks]
[23 / 38]
[24 / 39] SwiftJXL
[31 / 81]
[36 / 81]
[41 / 81]
[43 / 81]
[47 / 81]
[50 / 81]
[55 / 81]
[57 / 81]
[58 / 81]
[61 / 81] SwiftJXL
[64 / 81] SwiftJXL
[72 / 81] SwiftJXL
[75 / 82]
[79 / 84] Consumer-product
[82 / 84] Consumer-product
Build complete! (5.17 secs)
SwiftJXL: fresh published consumer passed; sample storage works and codec operations remain unavailable.
