Building for debugging...
[Pre-planning 1 / 156]
[Planning deferred tasks]
[41 / 80]
[44 / 84] SwiftJLI
[45 / 133] SwiftJLI
[51 / 148]
[54 / 148]
[57 / 148]
[61 / 148]
[63 / 148]
[64 / 148]
[68 / 148]
[70 / 148]
[73 / 148]
[75 / 148]
[76 / 148]
[78 / 148]
[79 / 148]
[82 / 148] SwiftJLI
[86 / 148] SwiftJXL
[109 / 148] SwiftJXL
[111 / 148] SwiftJXL-product
[114 / 148] SwiftJXL
[115 / 148] SwiftJLS
[116 / 148] SwiftJLS
[119 / 148] SwiftJLS
[121 / 148] SwiftJLS-product
[123 / 148] SwiftJLI
[125 / 148] SwiftJLI-product
[127 / 148] SwiftJLI-product
[130 / 148] SwiftJ2K
[132 / 148] SwiftJ2K
[134 / 148] SwiftJ2K-product
[136 / 148] ContractHarness-product
[144 / 149] ContractHarness-product
[147 / 151] ContractHarness-product
[149 / 151] ContractHarness-product
Build complete! (9.72 secs)
PASS: 12-in-16, 5x3 padded storage, 1 pixel allocation, 0 adapter copy bytes, shared identity, concurrent reads, second writer rejected
PASS: 16-in-16, 5x3 padded storage, 1 pixel allocation, 0 adapter copy bytes, shared identity, concurrent reads, second writer rejected
PASS: local write-lease mapping and exact UInt16 maximum
