Building for debugging...
[Pre-planning 1 / 156]
[Planning deferred tasks]
[41 / 80]
[44 / 84] SwiftJLI
[45 / 133] SwiftJ2K
[49 / 148]
[53 / 148]
[57 / 148]
[60 / 148]
[63 / 148]
[64 / 148]
[67 / 148]
[69 / 148]
[71 / 148]
[73 / 148]
[76 / 148]
[78 / 148]
[79 / 148]
[82 / 148] SwiftJLI
[86 / 148] SwiftJXL
[109 / 148] SwiftJXL-product
[112 / 148] SwiftJXL
[113 / 148] SwiftJXL
[115 / 148] SwiftJLS
[116 / 148] SwiftJLS
[119 / 148] SwiftJLS-product
[122 / 148] SwiftJLI
[123 / 148] SwiftJLI
[125 / 148] SwiftJLI
[127 / 148] SwiftJLI-product
[130 / 148] SwiftJ2K
[133 / 148] SwiftJ2K-product
[136 / 148] SwiftJ2K
[141 / 148] ContractHarness-product
[144 / 149] ContractHarness-product
[147 / 151] ContractHarness-product
[149 / 151] ContractHarness-product
Build complete! (12.14 secs)
PASS: 12-in-16, 5x3 padded storage, 1 pixel allocation, 0 adapter copy bytes, shared identity, concurrent reads, second writer rejected
PASS: 16-in-16, 5x3 padded storage, 1 pixel allocation, 0 adapter copy bytes, shared identity, concurrent reads, second writer rejected
PASS: local write-lease mapping and exact UInt16 maximum
