Building for debugging...
Build complete! (0.23 secs)
􀟈  Test run started.
􀄵  Testing Library Version: 2084
􀄵  Target Platform: arm64e-apple-macos14.0
􀟈  Suite "Public API feasibility" started.
􀟈  Suite "Owning storage" started.
􀟈  Test cancellationInProviderFinalisationPreventsPublication(_:) started.
􀟈  Suite "Descriptor validation" started.
􀟈  Test rejectsInputLimitRequiredBackendAndDestructiveMetadataPolicy() started.
􀟈  Test allCodecCallShapesRejectWithoutTouchingDestination() started.
􀟈  Test leaseCannotBeForgedReusedOrBorrowedReentrantly() started.
􀟈  Test validatesConfigurationAndFiniteResourceLimits() started.
􀟈  Test safeWriterRejectsOutOfRangeSamplesAndInvalidatesDestination() started.
􀟈  Test copiedLeaseCannotOverlapWriters() started.
􀟈  Test capabilitiesDoNotAdvertiseSyntheticSamplesAsJPEGXL() started.
􀟈  Test case passing 1 argument point → .sealing to cancellationInProviderFinalisationPreventsPublication(_:) started.
􀟈  Test case passing 1 argument point → .validatingSealedStorage to cancellationInProviderFinalisationPreventsPublication(_:) started.
􀟈  Test metadataSharesTheCallerAdmissionBudgetWithPixels() started.
􀟈  Test concurrentReadersPreserveEveryLogicalSample() started.
􀟈  Test admissionBoundariesAndMetadataAreChecked() started.
􀟈  Test rejectsOverlappingPlanesAndIncompleteMapping() started.
􀟈  Test abortMakesStorageUnreadableAndUnwritable() started.
􀟈  Test rejectsArithmeticOverflowBeforeAllocation() started.
􀟈  Test rejectsOwnerCapacityShorterThanDescriptor() started.
􀟈  Test reportUnknownMeasurementsRemainUnknown() started.
􀟈  Test cancellationRetainsItsStandardErrorAndInvalidatesPartialWrite() started.
􀟈  Test imageRetainsAdapterAndAllocationUntilLastReader() started.
􀟈  Test rejectsMisalignedOffsetsAndStrides() started.
􀟈  Test freshAllocationsHaveDistinctIdentitiesAndZeroPadding() started.
􀟈  Test finalRowNeedsOnlyItsActualSampleBytes() started.
􀟈  Test rejectsInvalidGeometryAndPrecision() started.
􀟈  Test deterministicLayoutMutation() started.
􀟈  Test paddedOddDimensionsAndPrecision() started.
􀟈  Test semanticMetadataMustAgreeWithComponents() started.
􁁛  Test rejectsInputLimitRequiredBackendAndDestructiveMetadataPolicy() passed after 0.001 seconds.
􁁛  Test capabilitiesDoNotAdvertiseSyntheticSamplesAsJPEGXL() passed after 0.001 seconds.
􁁛  Test rejectsOwnerCapacityShorterThanDescriptor() passed after 0.001 seconds.
􁁛  Test abortMakesStorageUnreadableAndUnwritable() passed after 0.001 seconds.
􁁛  Test safeWriterRejectsOutOfRangeSamplesAndInvalidatesDestination() passed after 0.001 seconds.
􁁛  Test validatesConfigurationAndFiniteResourceLimits() passed after 0.001 seconds.
􁁛  Test metadataSharesTheCallerAdmissionBudgetWithPixels() passed after 0.001 seconds.
􁁛  Test rejectsArithmeticOverflowBeforeAllocation() passed after 0.001 seconds.
􁁛  Test leaseCannotBeForgedReusedOrBorrowedReentrantly() passed after 0.001 seconds.
􁁛  Test rejectsOverlappingPlanesAndIncompleteMapping() passed after 0.001 seconds.
􁁛  Test reportUnknownMeasurementsRemainUnknown() passed after 0.001 seconds.
􁁛  Test finalRowNeedsOnlyItsActualSampleBytes() passed after 0.001 seconds.
􁁛  Test semanticMetadataMustAgreeWithComponents() passed after 0.001 seconds.
􁁛  Test freshAllocationsHaveDistinctIdentitiesAndZeroPadding() passed after 0.001 seconds.
􁁛  Test admissionBoundariesAndMetadataAreChecked() passed after 0.001 seconds.
􁁛  Test paddedOddDimensionsAndPrecision() passed after 0.001 seconds.
􁁛  Test rejectsInvalidGeometryAndPrecision() passed after 0.001 seconds.
􁁛  Test allCodecCallShapesRejectWithoutTouchingDestination() passed after 0.001 seconds.
􁁛  Test imageRetainsAdapterAndAllocationUntilLastReader() passed after 0.001 seconds.
􁁛  Test concurrentReadersPreserveEveryLogicalSample() passed after 0.001 seconds.
􁁛  Test cancellationRetainsItsStandardErrorAndInvalidatesPartialWrite() passed after 0.001 seconds.
􁁛  Test rejectsMisalignedOffsetsAndStrides() passed after 0.001 seconds.
􁁛  Suite "Public API feasibility" passed after 0.001 seconds.
􁁛  Test deterministicLayoutMutation() passed after 0.001 seconds.
􁁛  Suite "Descriptor validation" passed after 0.001 seconds.
􁁛  Test cancellationInProviderFinalisationPreventsPublication(_:) with 2 test cases passed after 0.001 seconds.
􁁛  Test copiedLeaseCannotOverlapWriters() passed after 0.001 seconds.
􁁛  Suite "Owning storage" passed after 0.002 seconds.
􁁛  Test run with 25 tests in 3 suites passed after 0.002 seconds.
