Building for production...
[Planning deferred tasks]
[20 / 40] SwiftJXL
[27 / 75]
[31 / 75]
[36 / 75]
[39 / 75]
[40 / 75]
[43 / 75]
[45 / 75]
[47 / 75]
[51 / 75]
[52 / 75]
[54 / 75]
[55 / 75]
[56 / 75] SwiftJXL
[66 / 76] SwiftJXLTests-product
[68 / 79]
[70 / 79] SwiftJXLTests-product
[75 / 79] SwiftJXLTests-product
[77 / 79] SwiftJXLTests-product
Build complete! (6.51 secs)
􀟈  Test run started.
􀄵  Testing Library Version: 2084
􀄵  Target Platform: arm64e-apple-macos14.0
􀟈  Suite "Public API feasibility" started.
􀟈  Test cancellationInProviderFinalisationPreventsPublication(_:) started.
􀟈  Suite "Descriptor validation" started.
􀟈  Suite "Owning storage" started.
􀟈  Test metadataSharesTheCallerAdmissionBudgetWithPixels() started.
􀟈  Test rejectsInputLimitRequiredBackendAndDestructiveMetadataPolicy() started.
􀟈  Test validatesConfigurationAndFiniteResourceLimits() started.
􀟈  Test reportUnknownMeasurementsRemainUnknown() started.
􀟈  Test safeWriterRejectsOutOfRangeSamplesAndInvalidatesDestination() started.
􀟈  Test allCodecCallShapesRejectWithoutTouchingDestination() started.
􀟈  Test capabilitiesDoNotAdvertiseSyntheticSamplesAsJPEGXL() started.
􀟈  Test semanticMetadataMustAgreeWithComponents() started.
􀟈  Test rejectsOverlappingPlanesAndIncompleteMapping() started.
􀟈  Test paddedOddDimensionsAndPrecision() started.
􀟈  Test concurrentReadersPreserveEveryLogicalSample() started.
􀟈  Test case passing 1 argument point → .sealing to cancellationInProviderFinalisationPreventsPublication(_:) started.
􀟈  Test case passing 1 argument point → .validatingSealedStorage to cancellationInProviderFinalisationPreventsPublication(_:) started.
􀟈  Test admissionBoundariesAndMetadataAreChecked() started.
􀟈  Test rejectsInvalidGeometryAndPrecision() started.
􀟈  Test rejectsMisalignedOffsetsAndStrides() started.
􀟈  Test deterministicLayoutMutation() started.
􀟈  Test rejectsArithmeticOverflowBeforeAllocation() started.
􀟈  Test copiedLeaseCannotOverlapWriters() started.
􀟈  Test abortMakesStorageUnreadableAndUnwritable() started.
􀟈  Test finalRowNeedsOnlyItsActualSampleBytes() started.
􀟈  Test leaseCannotBeForgedReusedOrBorrowedReentrantly() started.
􀟈  Test imageRetainsAdapterAndAllocationUntilLastReader() started.
􀟈  Test cancellationRetainsItsStandardErrorAndInvalidatesPartialWrite() started.
􀟈  Test freshAllocationsHaveDistinctIdentitiesAndZeroPadding() started.
􀟈  Test rejectsOwnerCapacityShorterThanDescriptor() started.
􁁛  Test paddedOddDimensionsAndPrecision() passed after 0.001 seconds.
􁁛  Test safeWriterRejectsOutOfRangeSamplesAndInvalidatesDestination() passed after 0.001 seconds.
􁁛  Test metadataSharesTheCallerAdmissionBudgetWithPixels() passed after 0.001 seconds.
􁁛  Test capabilitiesDoNotAdvertiseSyntheticSamplesAsJPEGXL() passed after 0.001 seconds.
􁁛  Test admissionBoundariesAndMetadataAreChecked() passed after 0.001 seconds.
􁁛  Test rejectsOverlappingPlanesAndIncompleteMapping() passed after 0.001 seconds.
􁁛  Test rejectsInputLimitRequiredBackendAndDestructiveMetadataPolicy() passed after 0.001 seconds.
􁁛  Test abortMakesStorageUnreadableAndUnwritable() passed after 0.001 seconds.
􁁛  Test rejectsInvalidGeometryAndPrecision() passed after 0.001 seconds.
􁁛  Test finalRowNeedsOnlyItsActualSampleBytes() passed after 0.001 seconds.
􁁛  Test imageRetainsAdapterAndAllocationUntilLastReader() passed after 0.001 seconds.
􁁛  Test rejectsOwnerCapacityShorterThanDescriptor() passed after 0.001 seconds.
􁁛  Test reportUnknownMeasurementsRemainUnknown() passed after 0.001 seconds.
􁁛  Test freshAllocationsHaveDistinctIdentitiesAndZeroPadding() passed after 0.001 seconds.
􁁛  Test rejectsArithmeticOverflowBeforeAllocation() passed after 0.001 seconds.
􁁛  Test validatesConfigurationAndFiniteResourceLimits() passed after 0.001 seconds.
􁁛  Test concurrentReadersPreserveEveryLogicalSample() passed after 0.001 seconds.
􁁛  Test rejectsMisalignedOffsetsAndStrides() passed after 0.001 seconds.
􁁛  Test leaseCannotBeForgedReusedOrBorrowedReentrantly() passed after 0.001 seconds.
􁁛  Test allCodecCallShapesRejectWithoutTouchingDestination() passed after 0.001 seconds.
􁁛  Test semanticMetadataMustAgreeWithComponents() passed after 0.001 seconds.
􁁛  Test cancellationRetainsItsStandardErrorAndInvalidatesPartialWrite() passed after 0.001 seconds.
􁁛  Suite "Public API feasibility" passed after 0.001 seconds.
􁁛  Test deterministicLayoutMutation() passed after 0.001 seconds.
􁁛  Suite "Descriptor validation" passed after 0.001 seconds.
􁁛  Test cancellationInProviderFinalisationPreventsPublication(_:) with 2 test cases passed after 0.001 seconds.
􁁛  Test copiedLeaseCannotOverlapWriters() passed after 0.001 seconds.
􁁛  Suite "Owning storage" passed after 0.002 seconds.
􁁛  Test run with 25 tests in 3 suites passed after 0.002 seconds.
